// Vitest Snapshot v1, https://vitest.dev/guide/snapshot.html

exports[`NOTfound > render NotFound 1`] = `
<body>
  <div>
    <div>
      <div>
        <header
          class="bg-orange  h-[140px]   text-white px-20 "
        >
          <div
            class="flex justify-between w-full "
          >
            <div
              class="flex   items-center "
            >
              <a
                class="hover:text-chatbot6"
                href="/"
              >
                 
                homeSidebar.Sellercentre
              </a>
              <a
                class="mx-4 hover:text-chatbot6"
                href="/"
              >
                homeSidebar.Download
              </a>
              <div
                class="flex items-center"
              >
                <p
                  class="text-white"
                >
                  homeSidebar.FollowUsOn
                </p>
                <a
                  class="mx-[8px] hover:text-chatbot6"
                  href="/"
                >
                  <svg
                    fill="currentColor"
                    height="1em"
                    stroke="currentColor"
                    stroke-width="0"
                    viewBox="0 0 16 16"
                    width="1em"
                    xmlns="http://www.w3.org/2000/svg"
                  >
                    <path
                      d="M16 8.049c0-4.446-3.582-8.05-8-8.05C3.58 0-.002 3.603-.002 8.05c0 4.017 2.926 7.347 6.75 7.951v-5.625h-2.03V8.05H6.75V6.275c0-2.017 1.195-3.131 3.022-3.131.876 0 1.791.157 1.791.157v1.98h-1.009c-.993 0-1.303.621-1.303 1.258v1.51h2.218l-.354 2.326H9.25V16c3.824-.604 6.75-3.934 6.75-7.951z"
                    />
                  </svg>
                </a>
                <a
                  href="/"
                >
                  <svg
                    fill="none"
                    height="1em"
                    stroke="currentColor"
                    stroke-linecap="round"
                    stroke-linejoin="round"
                    stroke-width="2"
                    viewBox="0 0 24 24"
                    width="1em"
                    xmlns="http://www.w3.org/2000/svg"
                  >
                    <circle
                      cx="12"
                      cy="12"
                      r="10"
                    />
                    <circle
                      cx="12"
                      cy="12"
                      r="6"
                    />
                    <circle
                      cx="12"
                      cy="12"
                      r="2"
                    />
                  </svg>
                </a>
              </div>
            </div>
            <div
              class="flex  items-center"
            >
              <div
                class="relative"
              >
                <div>
                  <div
                    class="flex items-center text-center cursor-pointer h-[30px] hover:text-chatbot6"
                  >
                    <svg
                      class="mr-[5px]"
                      fill="currentColor"
                      height="1em"
                      stroke="currentColor"
                      stroke-width="0"
                      viewBox="0 0 1024 1024"
                      width="1em"
                      xmlns="http://www.w3.org/2000/svg"
                    >
                      <path
                        d="M854.4 800.9c.2-.3.5-.6.7-.9C920.6 722.1 960 621.7 960 512s-39.4-210.1-104.8-288c-.2-.3-.5-.5-.7-.8-1.1-1.3-2.1-2.5-3.2-3.7-.4-.5-.8-.9-1.2-1.4l-4.1-4.7-.1-.1c-1.5-1.7-3.1-3.4-4.6-5.1l-.1-.1c-3.2-3.4-6.4-6.8-9.7-10.1l-.1-.1-4.8-4.8-.3-.3c-1.5-1.5-3-2.9-4.5-4.3-.5-.5-1-1-1.6-1.5-1-1-2-1.9-3-2.8-.3-.3-.7-.6-1-1C736.4 109.2 629.5 64 512 64s-224.4 45.2-304.3 119.2c-.3.3-.7.6-1 1-1 .9-2 1.9-3 2.9-.5.5-1 1-1.6 1.5-1.5 1.4-3 2.9-4.5 4.3l-.3.3-4.8 4.8-.1.1c-3.3 3.3-6.5 6.7-9.7 10.1l-.1.1c-1.6 1.7-3.1 3.4-4.6 5.1l-.1.1c-1.4 1.5-2.8 3.1-4.1 4.7-.4.5-.8.9-1.2 1.4-1.1 1.2-2.1 2.5-3.2 3.7-.2.3-.5.5-.7.8C103.4 301.9 64 402.3 64 512s39.4 210.1 104.8 288c.2.3.5.6.7.9l3.1 3.7c.4.5.8.9 1.2 1.4l4.1 4.7c0 .1.1.1.1.2 1.5 1.7 3 3.4 4.6 5l.1.1c3.2 3.4 6.4 6.8 9.6 10.1l.1.1c1.6 1.6 3.1 3.2 4.7 4.7l.3.3c3.3 3.3 6.7 6.5 10.1 9.6 80.1 74 187 119.2 304.5 119.2s224.4-45.2 304.3-119.2a300 300 0 0 0 10-9.6l.3-.3c1.6-1.6 3.2-3.1 4.7-4.7l.1-.1c3.3-3.3 6.5-6.7 9.6-10.1l.1-.1c1.5-1.7 3.1-3.3 4.6-5 0-.1.1-.1.1-.2 1.4-1.5 2.8-3.1 4.1-4.7.4-.5.8-.9 1.2-1.4a99 99 0 0 0 3.3-3.7zm4.1-142.6c-13.8 32.6-32 62.8-54.2 90.2a444.07 444.07 0 0 0-81.5-55.9c11.6-46.9 18.8-98.4 20.7-152.6H887c-3 40.9-12.6 80.6-28.5 118.3zM887 484H743.5c-1.9-54.2-9.1-105.7-20.7-152.6 29.3-15.6 56.6-34.4 81.5-55.9A373.86 373.86 0 0 1 887 484zM658.3 165.5c39.7 16.8 75.8 40 107.6 69.2a394.72 394.72 0 0 1-59.4 41.8c-15.7-45-35.8-84.1-59.2-115.4 3.7 1.4 7.4 2.9 11 4.4zm-90.6 700.6c-9.2 7.2-18.4 12.7-27.7 16.4V697a389.1 389.1 0 0 1 115.7 26.2c-8.3 24.6-17.9 47.3-29 67.8-17.4 32.4-37.8 58.3-59 75.1zm59-633.1c11 20.6 20.7 43.3 29 67.8A389.1 389.1 0 0 1 540 327V141.6c9.2 3.7 18.5 9.1 27.7 16.4 21.2 16.7 41.6 42.6 59 75zM540 640.9V540h147.5c-1.6 44.2-7.1 87.1-16.3 127.8l-.3 1.2A445.02 445.02 0 0 0 540 640.9zm0-156.9V383.1c45.8-2.8 89.8-12.5 130.9-28.1l.3 1.2c9.2 40.7 14.7 83.5 16.3 127.8H540zm-56 56v100.9c-45.8 2.8-89.8 12.5-130.9 28.1l-.3-1.2c-9.2-40.7-14.7-83.5-16.3-127.8H484zm-147.5-56c1.6-44.2 7.1-87.1 16.3-127.8l.3-1.2c41.1 15.6 85 25.3 130.9 28.1V484H336.5zM484 697v185.4c-9.2-3.7-18.5-9.1-27.7-16.4-21.2-16.7-41.7-42.7-59.1-75.1-11-20.6-20.7-43.3-29-67.8 37.2-14.6 75.9-23.3 115.8-26.1zm0-370a389.1 389.1 0 0 1-115.7-26.2c8.3-24.6 17.9-47.3 29-67.8 17.4-32.4 37.8-58.4 59.1-75.1 9.2-7.2 18.4-12.7 27.7-16.4V327zM365.7 165.5c3.7-1.5 7.3-3 11-4.4-23.4 31.3-43.5 70.4-59.2 115.4-21-12-40.9-26-59.4-41.8 31.8-29.2 67.9-52.4 107.6-69.2zM165.5 365.7c13.8-32.6 32-62.8 54.2-90.2 24.9 21.5 52.2 40.3 81.5 55.9-11.6 46.9-18.8 98.4-20.7 152.6H137c3-40.9 12.6-80.6 28.5-118.3zM137 540h143.5c1.9 54.2 9.1 105.7 20.7 152.6a444.07 444.07 0 0 0-81.5 55.9A373.86 373.86 0 0 1 137 540zm228.7 318.5c-39.7-16.8-75.8-40-107.6-69.2 18.5-15.8 38.4-29.7 59.4-41.8 15.7 45 35.8 84.1 59.2 115.4-3.7-1.4-7.4-2.9-11-4.4zm292.6 0c-3.7 1.5-7.3 3-11 4.4 23.4-31.3 43.5-70.4 59.2-115.4 21 12 40.9 26 59.4 41.8a373.81 373.81 0 0 1-107.6 69.2z"
                      />
                    </svg>
                    <span />
                  </div>
                </div>
              </div>
               
              <a
                class="mx-4"
                href="/register"
              >
                homeSidebar.Register
              </a>
              <a
                href="/login"
              >
                homeSidebar.Login
              </a>
            </div>
          </div>
          <div
            class="w-full grid grid-cols-12  flex justify-between pt-[15px] px-[20px]"
          >
            <div
              class="col-span-3"
            >
              <a
                class="mr-[170px]"
                href="/"
              >
                <svg
                  class="    w-[162px] h-[50px] fill-white "
                  viewBox="0 0 192 65"
                >
                  <g
                    fill-rule="evenodd"
                  >
                    <path
                      d="M35.6717403 44.953764c-.3333497 2.7510509-2.0003116 4.9543414-4.5823845 6.0575984-1.4379707.6145919-3.36871.9463856-4.896954.8421628-2.3840266-.0911143-4.6237865-.6708937-6.6883352-1.7307424-.7375522-.3788551-1.8370513-1.1352759-2.6813095-1.8437757-.213839-.1790053-.239235-.2937577-.0977428-.4944671.0764015-.1151823.2172535-.3229831.5286218-.7791994.45158-.6616533.5079208-.7446018.5587128-.8221779.14448-.2217688.3792333-.2411091.6107855-.0588804.0243289.0189105.0243289.0189105.0426824.0333083.0379873.0294402.0379873.0294402.1276204.0990653.0907002.0706996.14448.1123887.166248.1287205 2.2265285 1.7438508 4.8196989 2.7495466 7.4376251 2.8501162 3.6423042-.0496401 6.2615109-1.6873341 6.7308041-4.2020035.5160305-2.7675977-1.6565047-5.1582742-5.9070334-6.4908212-1.329344-.4166762-4.6895175-1.7616869-5.3090528-2.1250697-2.9094471-1.7071043-4.2697358-3.9430584-4.0763845-6.7048539.296216-3.8283059 3.8501677-6.6835796 8.340785-6.702705 2.0082079-.004083 4.0121475.4132378 5.937338 1.2244562.6816382.2873109 1.8987274.9496089 2.3189359 1.2633517.2420093.1777159.2898136.384872.1510957.60836-.0774686.12958-.2055158.3350171-.4754821.7632974l-.0029878.0047276c-.3553311.5640922-.3664286.5817134-.447952.7136572-.140852.2144625-.3064598.2344475-.5604202.0732783-2.0600669-1.3839063-4.3437898-2.0801572-6.8554368-2.130442-3.126914.061889-5.4706057 1.9228561-5.6246892 4.4579402-.0409751 2.2896772 1.676352 3.9613243 5.3858811 5.2358503 7.529819 2.4196871 10.4113092 5.25648 9.869029 9.7292478M26.3725216 5.42669372c4.9022893 0 8.8982174 4.65220288 9.0851664 10.47578358H17.2875686c.186949-5.8235807 4.1828771-10.47578358 9.084953-10.47578358m25.370857 11.57065968c0-.6047069-.4870064-1.0948761-1.0875481-1.0948761h-11.77736c-.28896-7.68927544-5.7774923-13.82058185-12.5059489-13.82058185-6.7282432 0-12.2167755 6.13130641-12.5057355 13.82058185l-11.79421958.0002149c-.59136492.0107446-1.06748731.4968309-1.06748731 1.0946612 0 .0285807.00106706.0569465.00320118.0848825H.99995732l1.6812605 37.0613963c.00021341.1031483.00405483.2071562.01173767.3118087.00170729.0236381.003628.0470614.00554871.0704847l.00362801.0782207.00405483.004083c.25545428 2.5789222 2.12707837 4.6560709 4.67201764 4.7519129l.00576212.0055872h37.4122078c.0177132.0002149.0354264.0004298.0531396.0004298.0177132 0 .0354264-.0002149.0531396-.0004298h.0796027l.0017073-.0015043c2.589329-.0706995 4.6867431-2.1768587 4.9082648-4.787585l.0012805-.0012893.0017073-.0350275c.0021341-.0275062.0040548-.0547975.0057621-.0823037.0040548-.065757.0068292-.1312992.0078963-.1964115l1.8344904-37.207738h-.0012805c.001067-.0186956.0014939-.0376062.0014939-.0565167M176.465457 41.1518926c.720839-2.3512494 2.900423-3.9186779 5.443734-3.9186779 2.427686 0 4.739107 1.6486899 5.537598 3.9141989l.054826.1556978h-11.082664l.046506-.1512188zm13.50267 3.4063683c.014933.0006399.014933.0006399.036906.0008531.021973-.0002132.021973-.0002132.044372-.0008531.53055-.0243144.950595-.4766911.950595-1.0271786 0-.0266606-.000853-.0496953-.00256-.0865936.000427-.0068251.000427-.020262.000427-.0635588 0-5.1926268-4.070748-9.4007319-9.09145-9.4007319-5.020488 0-9.091235 4.2081051-9.091235 9.4007319 0 .3871116.022399.7731567.067838 1.1568557l.00256.0204753.01408.1013102c.250022 1.8683731 1.047233 3.5831812 2.306302 4.9708108-.00064-.0006399.00064.0006399.007253.0078915 1.396026 1.536289 3.291455 2.5833031 5.393601 2.9748936l.02752.0053321v-.0027727l.13653.0228215c.070186.0119439.144211.0236746.243409.039031 2.766879.332724 5.221231-.0661182 7.299484-1.1127057.511777-.2578611.971928-.5423827 1.37064-.8429007.128211-.0968312.243622-.1904632.34346-.2781231.051412-.0452164.092372-.083181.114131-.1051493.468898-.4830897.498124-.6543572.215249-1.0954297-.31146-.4956734-.586228-.9179769-.821744-1.2675504-.082345-.1224254-.154023-.2267215-.214396-.3133151-.033279-.0475624-.033279-.0475624-.054399-.0776356-.008319-.0117306-.008319-.0117306-.013866-.0191956l-.00256-.0038391c-.256208-.3188605-.431565-.3480805-.715933-.0970445-.030292.0268739-.131624.1051493-.14997.1245582-1.999321 1.775381-4.729508 2.3465571-7.455854 1.7760208-.507724-.1362888-.982595-.3094759-1.419919-.5184948-1.708127-.8565509-2.918343-2.3826022-3.267563-4.1490253l-.02752-.1394881h13.754612zM154.831964 41.1518926c.720831-2.3512494 2.900389-3.9186779 5.44367-3.9186779 2.427657 0 4.739052 1.6486899 5.537747 3.9141989l.054612.1556978h-11.082534l.046505-.1512188zm13.502512 3.4063683c.015146.0006399.015146.0006399.037118.0008531.02176-.0002132.02176-.0002132.044159-.0008531.530543-.0243144.950584-.4766911.950584-1.0271786 0-.0266606-.000854-.0496953-.00256-.0865936.000426-.0068251.000426-.020262.000426-.0635588 0-5.1926268-4.070699-9.4007319-9.091342-9.4007319-5.020217 0-9.091343 4.2081051-9.091343 9.4007319 0 .3871116.022826.7731567.068051 1.1568557l.00256.0204753.01408.1013102c.250019 1.8683731 1.04722 3.5831812 2.306274 4.9708108-.00064-.0006399.00064.0006399.007254.0078915 1.396009 1.536289 3.291417 2.5833031 5.393538 2.9748936l.027519.0053321v-.0027727l.136529.0228215c.070184.0119439.144209.0236746.243619.039031 2.766847.332724 5.22117-.0661182 7.299185-1.1127057.511771-.2578611.971917-.5423827 1.370624-.8429007.128209-.0968312.243619-.1904632.343456-.2781231.051412-.0452164.09237-.083181.11413-.1051493.468892-.4830897.498118-.6543572.215246-1.0954297-.311457-.4956734-.586221-.9179769-.821734-1.2675504-.082344-.1224254-.154022-.2267215-.21418-.3133151-.033492-.0475624-.033492-.0475624-.054612-.0776356-.008319-.0117306-.008319-.0117306-.013866-.0191956l-.002346-.0038391c-.256419-.3188605-.431774-.3480805-.716138-.0970445-.030292.0268739-.131623.1051493-.149969.1245582-1.999084 1.775381-4.729452 2.3465571-7.455767 1.7760208-.507717-.1362888-.982582-.3094759-1.419902-.5184948-1.708107-.8565509-2.918095-2.3826022-3.267311-4.1490253l-.027733-.1394881h13.754451zM138.32144123 49.7357905c-3.38129629 0-6.14681004-2.6808521-6.23169343-6.04042014v-.31621743c.08401943-3.35418649 2.85039714-6.03546919 6.23169343-6.03546919 3.44242097 0 6.23320537 2.7740599 6.23320537 6.1960534 0 3.42199346-2.7907844 6.19605336-6.23320537 6.19605336m.00172791-15.67913203c-2.21776751 0-4.33682838.7553485-6.03989586 2.140764l-.19352548.1573553V34.6208558c0-.4623792-.0993546-.56419733-.56740117-.56419733h-2.17651376c-.47409424 0-.56761716.09428403-.56761716.56419733v27.6400724c0 .4539841.10583425.5641973.56761716.5641973h2.17651376c.46351081 0 .56740117-.1078454.56740117-.5641973V50.734168l.19352548.1573553c1.70328347 1.3856307 3.82234434 2.1409792 6.03989586 2.1409792 5.27140956 0 9.54473746-4.2479474 9.54473746-9.48802964 0-5.239867-4.2733279-9.48781439-9.54473746-9.48781439M115.907646 49.5240292c-3.449458 0-6.245805-2.7496948-6.245805-6.1425854 0-3.3928907 2.79656-6.1427988 6.245805-6.1427988 3.448821 0 6.24538 2.7499081 6.24538 6.1427988 0 3.3926772-2.796346 6.1425854-6.24538 6.1425854m.001914-15.5438312c-5.28187 0-9.563025 4.2112903-9.563025 9.4059406 0 5.1944369 4.281155 9.4059406 9.563025 9.4059406 5.281657 0 9.562387-4.2115037 9.562387-9.4059406 0-5.1946503-4.280517-9.4059406-9.562387-9.4059406M94.5919049 34.1890939c-1.9281307 0-3.7938902.6198995-5.3417715 1.7656047l-.188189.1393105V23.2574169c0-.4254677-.1395825-.5643476-.5649971-.5643476h-2.2782698c-.4600414 0-.5652122.1100273-.5652122.5643476v29.2834155c0 .443339.1135587.5647782.5652122.5647782h2.2782698c.4226187 0 .5649971-.1457701.5649971-.5647782v-9.5648406c.023658-3.011002 2.4931278-5.4412923 5.5299605-5.4412923 3.0445753 0 5.516841 2.4421328 5.5297454 5.4630394v9.5430935c0 .4844647.0806524.5645628.5652122.5645628h2.2726775c.481764 0 .565212-.0824666.565212-.5645628v-9.5710848c-.018066-4.8280677-4.0440197-8.7806537-8.9328471-8.7806537M62.8459442 47.7938061l-.0053397.0081519c-.3248668.4921188-.4609221.6991347-.5369593.8179812-.2560916.3812097-.224267.551113.1668119.8816949.91266.7358184 2.0858968 1.508535 2.8774525 1.8955369 2.2023021 1.076912 4.5810275 1.646045 7.1017886 1.6975309 1.6283921.0821628 3.6734936-.3050536 5.1963734-.9842376 2.7569891-1.2298679 4.5131066-3.6269626 4.8208863-6.5794607.4985136-4.7841067-2.6143125-7.7747902-10.6321784-10.1849709l-.0021359-.0006435c-3.7356476-1.2047686-5.4904836-2.8064071-5.4911243-5.0426086.1099976-2.4715346 2.4015793-4.3179454 5.4932602-4.4331449 2.4904317.0062212 4.6923065.6675996 6.8557356 2.0598624.4562232.2767364.666607.2256796.9733188-.172263.035242-.0587797.1332787-.2012238.543367-.790093l.0012815-.0019308c.3829626-.5500403.5089793-.7336731.5403767-.7879478.258441-.4863266.2214903-.6738208-.244985-1.0046173-.459427-.3290803-1.7535544-1.0024722-2.4936356-1.2978721-2.0583439-.8211991-4.1863175-1.2199998-6.3042524-1.1788111-4.8198184.1046878-8.578747 3.2393171-8.8265087 7.3515337-.1572005 2.9703036 1.350301 5.3588174 4.5000778 7.124567.8829712.4661613 4.1115618 1.6865902 5.6184225 2.1278667 4.2847814 1.2547527 6.5186944 3.5630343 6.0571315 6.2864205-.4192725 2.4743234-3.0117991 4.1199394-6.6498372 4.2325647-2.6382344-.0549182-5.2963324-1.0217793-7.6043603-2.7562084-.0115337-.0083664-.0700567-.0519149-.1779185-.1323615-.1516472-.1130543-.1516472-.1130543-.1742875-.1300017-.4705335-.3247898-.7473431-.2977598-1.0346184.1302162-.0346012.0529875-.3919333.5963776-.5681431.8632459"
                    />
                  </g>
                </svg>
              </a>
            </div>
            <div
              class="col-span-6"
            >
              <div
                class="w-full relative"
              >
                <form>
                  <input
                    class="w-full h-[50px] pl-[10px] font-sm text-black"
                    name="name"
                    placeholder="Search..."
                    type="text"
                  />
                  <button
                    class="px-[20px] py-[10px] bg-orange items-center absolute top-[50%] right-[5px]  translate-y-001"
                  >
                    <svg
                      class="w-=5 h-5 "
                      fill="none"
                      stroke="currentColor"
                      stroke-width="1.5"
                      viewBox="0 0 24 24"
                      xmlns="http://www.w3.org/2000/svg"
                    >
                      <path
                        d="M21 21l-5.197-5.197m0 0A7.5 7.5 0 105.196 5.196a7.5 7.5 0 0010.607 10.607z"
                        stroke-linecap="round"
                        stroke-linejoin="round"
                      />
                    </svg>
                  </button>
                </form>
              </div>
            </div>
            <div
              class="col-span-3 "
            >
              <div
                class="relative"
              >
                <div>
                  <div
                    class=" "
                  >
                    <div
                      class=" relative w-full flex  items-center justify-between mt-[10px]"
                    >
                      <svg
                        class="w-8 h-8 items-center flex justify-center m-auto"
                        fill="none"
                        stroke="currentColor"
                        stroke-width="1.5"
                        viewBox="0 0 24 24"
                        xmlns="http://www.w3.org/2000/svg"
                      >
                        <path
                          d="M2.25 3h1.386c.51 0 .955.343 1.087.835l.383 1.437M7.5 14.25a3 3 0 00-3 3h15.75m-12.75-3h11.218c1.121-2.3 2.1-4.684 2.924-7.138a60.114 60.114 0 00-16.536-1.84M7.5 14.25L5.106 5.272M6 20.25a.75.75 0 11-1.5 0 .75.75 0 011.5 0zm12.75 0a.75.75 0 11-1.5 0 .75.75 0 011.5 0z"
                          stroke-linecap="round"
                          stroke-linejoin="round"
                        />
                      </svg>
                    </div>
                  </div>
                </div>
              </div>
            </div>
          </div>
        </header>
        <main>
          <div>
            Loading...
          </div>
        </main>
        <footer
          class="px-20  bg-footer gap-4 py-[40px] grid grid-cols-2 md:grid-cols-3 lg:grid-cols-4 xl:grid-cols-5"
        >
          <div
            class="col-span-1 "
          >
            <h3
              class="text-base font-semibold mb-[10px]"
            >
              Về SHOPPE
            </h3>
            <ul
              class="text-sm "
            >
              <li
                class="hover:text-orange cursor-pointer "
              >
                Trả Hàng & Hoàn Tiền
              </li>
              <li
                class="hover:text-orange cursor-pointer my-[4px]"
              >
                Chăm Sóc Khách Hàng
              </li>
              <li
                class="hover:text-orange cursor-pointer"
              >
                Chính Sách Bảo Hành
              </li>
              <li
                class="hover:text-orange cursor-pointer  my-[4px]"
              >
                Giới Thiệu Về Shopee Việt Nam
              </li>
              <li
                class="hover:text-orange cursor-pointer"
              >
                Tuyển Dụng
              </li>
              <li
                class="hover:text-orange cursor-pointer  my-[4px]"
              >
                Điều Khoản Shopee
              </li>
              <li
                class="hover:text-orange cursor-pointer"
              >
                Chính Sách Bảo Mật
              </li>
            </ul>
          </div>
          <div
            class="col-span-1 "
          >
            <h3
              class="text-base font-semibold mb-[10px]"
            >
              Về SHOPPE
            </h3>
            <ul
              class="text-sm "
            >
              <li
                class="hover:text-orange cursor-pointer "
              >
                Trả Hàng & Hoàn Tiền
              </li>
              <li
                class="hover:text-orange cursor-pointer my-[4px]"
              >
                Chăm Sóc Khách Hàng
              </li>
              <li
                class="hover:text-orange cursor-pointer"
              >
                Chính Sách Bảo Hành
              </li>
              <li
                class="hover:text-orange cursor-pointer  my-[4px]"
              >
                Giới Thiệu Về Shopee Việt Nam
              </li>
              <li
                class="hover:text-orange cursor-pointer"
              >
                Tuyển Dụng
              </li>
              <li
                class="hover:text-orange cursor-pointer  my-[4px]"
              >
                Điều Khoản Shopee
              </li>
              <li
                class="hover:text-orange cursor-pointer"
              >
                Chính Sách Bảo Mật
              </li>
            </ul>
          </div>
          <div
            class="col-span-1 "
          >
            <h3
              class="text-base font-semibold mb-[10px]"
            >
              Về SHOPPE
            </h3>
            <ul
              class="text-sm "
            >
              <li
                class="hover:text-orange cursor-pointer "
              >
                Trả Hàng & Hoàn Tiền
              </li>
              <li
                class="hover:text-orange cursor-pointer my-[4px]"
              >
                Chăm Sóc Khách Hàng
              </li>
              <li
                class="hover:text-orange cursor-pointer"
              >
                Chính Sách Bảo Hành
              </li>
              <li
                class="hover:text-orange cursor-pointer  my-[4px]"
              >
                Giới Thiệu Về Shopee Việt Nam
              </li>
              <li
                class="hover:text-orange cursor-pointer"
              >
                Tuyển Dụng
              </li>
              <li
                class="hover:text-orange cursor-pointer  my-[4px]"
              >
                Điều Khoản Shopee
              </li>
              <li
                class="hover:text-orange cursor-pointer"
              >
                Chính Sách Bảo Mật
              </li>
            </ul>
          </div>
          <div
            class="col-span-1 "
          >
            <h3
              class="text-base font-semibold mb-[10px]"
            >
              Về SHOPPE
            </h3>
            <ul
              class="text-sm "
            >
              <li
                class="hover:text-orange cursor-pointer "
              >
                Trả Hàng & Hoàn Tiền
              </li>
              <li
                class="hover:text-orange cursor-pointer my-[4px]"
              >
                Chăm Sóc Khách Hàng
              </li>
              <li
                class="hover:text-orange cursor-pointer"
              >
                Chính Sách Bảo Hành
              </li>
              <li
                class="hover:text-orange cursor-pointer  my-[4px]"
              >
                Giới Thiệu Về Shopee Việt Nam
              </li>
              <li
                class="hover:text-orange cursor-pointer"
              >
                Tuyển Dụng
              </li>
              <li
                class="hover:text-orange cursor-pointer  my-[4px]"
              >
                Điều Khoản Shopee
              </li>
              <li
                class="hover:text-orange cursor-pointer"
              >
                Chính Sách Bảo Mật
              </li>
            </ul>
          </div>
          <div
            class="col-span-1 "
          >
            <h3
              class="text-base font-semibold mb-[10px]"
            >
              Về SHOPPE
            </h3>
            <ul
              class="text-sm "
            >
              <li
                class="hover:text-orange cursor-pointer "
              >
                Trả Hàng & Hoàn Tiền
              </li>
              <li
                class="hover:text-orange cursor-pointer my-[4px]"
              >
                Chăm Sóc Khách Hàng
              </li>
              <li
                class="hover:text-orange cursor-pointer"
              >
                Chính Sách Bảo Hành
              </li>
              <li
                class="hover:text-orange cursor-pointer  my-[4px]"
              >
                Giới Thiệu Về Shopee Việt Nam
              </li>
              <li
                class="hover:text-orange cursor-pointer"
              >
                Tuyển Dụng
              </li>
              <li
                class="hover:text-orange cursor-pointer  my-[4px]"
              >
                Điều Khoản Shopee
              </li>
              <li
                class="hover:text-orange cursor-pointer"
              >
                Chính Sách Bảo Mật
              </li>
            </ul>
          </div>
        </footer>
      </div>
      <div
        class="Toastify"
      />
    </div>
  </div>
  <div
    data-floating-ui-portal=""
    id=":r0:"
  />
  <div
    data-floating-ui-portal=""
    id=":r2:"
  />
</body>
`;
